// Jest Snapshot v1, https://goo.gl/fbAQLP

exports[`RandomRecipes styled-components ButtonsContainer should match snapshot 1`] = `
.c0 {
  display: -webkit-box;
  display: -webkit-flex;
  display: -ms-flexbox;
  display: flex;
  -webkit-flex-direction: row;
  -ms-flex-direction: row;
  flex-direction: row;
}

.c0 button:not(:last-of-type) {
  margin-right: 10px;
}

<div
  className="c0"
/>
`;
